0 verbose cli C:\Program Files\nodejs\node.exe C:\Program Files\nodejs\node_modules\npm\bin\npm-cli.js
1 info using npm@8.19.3
2 info using node@v19.1.0
3 timing npm:load:whichnode Completed in 0ms
4 timing config:load:defaults Completed in 1ms
5 timing config:load:file:C:\Program Files\nodejs\node_modules\npm\npmrc Completed in 3ms
6 timing config:load:builtin Completed in 3ms
7 timing config:load:cli Completed in 2ms
8 timing config:load:env Completed in 1ms
9 timing config:load:project Completed in 5ms
10 timing config:load:file:D:\Usuario\Documents\repos\Marca\neurion\.npmrc Completed in 0ms
11 timing config:load:user Completed in 0ms
12 timing config:load:file:C:\Users\Renato\AppData\Roaming\npm\etc\npmrc Completed in 0ms
13 timing config:load:global Completed in 0ms
14 timing config:load:validate Completed in 1ms
15 timing config:load:credentials Completed in 1ms
16 timing config:load:setEnvs Completed in 1ms
17 timing config:load Completed in 17ms
18 timing npm:load:configload Completed in 17ms
19 timing npm:load:mkdirpcache Completed in 0ms
20 timing npm:load:mkdirplogs Completed in 1ms
21 verbose title npm install
22 verbose argv "install"
23 timing npm:load:setTitle Completed in 1ms
24 timing config:load:flatten Completed in 2ms
25 timing npm:load:display Completed in 2ms
26 verbose logfile logs-max:10 dir:D:\Usuario\Documents\repos\Marca\neurion\.npm-cache\_logs
27 verbose logfile D:\Usuario\Documents\repos\Marca\neurion\.npm-cache\_logs\2026-04-29T03_39_08_295Z-debug-0.log
28 timing npm:load:logFile Completed in 9ms
29 timing npm:load:timers Completed in 0ms
30 timing npm:load:configScope Completed in 0ms
31 timing npm:load Completed in 30ms
32 timing arborist:ctor Completed in 0ms
33 silly logfile done cleaning log files
34 timing arborist:ctor Completed in 1ms
35 timing idealTree:init Completed in 189ms
36 timing idealTree:userRequests Completed in 0ms
37 silly idealTree buildDeps
38 silly fetch manifest vite@^4.5.5
39 http fetch GET 200 https://registry.npmjs.org/vite 18ms (cache hit)
40 silly fetch manifest @types/node@>= 14
41 http fetch GET 200 https://registry.npmjs.org/@types%2fnode 9ms (cache hit)
42 silly fetch manifest less@*
43 http fetch GET 200 https://registry.npmjs.org/less 7ms (cache hit)
44 silly fetch manifest lightningcss@^1.21.0
45 http fetch GET 200 https://registry.npmjs.org/lightningcss 4ms (cache hit)
46 silly fetch manifest sass@*
47 http fetch GET 200 https://registry.npmjs.org/sass 4ms (cache hit)
48 silly fetch manifest stylus@*
49 http fetch GET 200 https://registry.npmjs.org/stylus 4ms (cache hit)
50 silly fetch manifest sugarss@*
51 http fetch GET 200 https://registry.npmjs.org/sugarss 3ms (cache hit)
52 silly fetch manifest postcss@^8.4.49
53 http fetch GET 200 https://registry.npmjs.org/postcss 5ms (cache hit)
54 silly fetch manifest terser@^5.4.0
55 http fetch GET 200 https://registry.npmjs.org/terser 4ms (cache hit)
56 silly placeDep ROOT vite@4.5.14 REPLACE for: neurion-lab-landing@0.1.0 want: ^4.5.5
57 silly fetch manifest rollup@^3.27.1
58 silly fetch manifest esbuild@^0.18.10
59 silly fetch manifest fsevents@~2.3.2
60 http fetch GET 200 https://registry.npmjs.org/fsevents 8ms (cache hit)
61 http fetch GET 200 https://registry.npmjs.org/esbuild 10ms (cache hit)
62 http fetch GET 200 https://registry.npmjs.org/rollup 22ms (cache hit)
63 timing idealTree:#root Completed in 157ms
64 silly placeDep ROOT fsevents@2.3.3 OK for: chokidar@3.6.0 want: ~2.3.2
65 timing idealTree:node_modules/chokidar Completed in 1ms
66 timing idealTree:node_modules/fsevents Completed in 0ms
67 silly placeDep ROOT esbuild@0.18.20 OK for: vite@4.5.14 want: ^0.18.10
68 silly placeDep ROOT rollup@3.30.0 OK for: vite@4.5.14 want: ^3.27.1
69 silly fetch manifest @esbuild/linux-arm@0.18.20
70 silly fetch manifest @esbuild/linux-x64@0.18.20
71 silly fetch manifest @esbuild/sunos-x64@0.18.20
72 silly fetch manifest @esbuild/win32-x64@0.18.20
73 silly fetch manifest @esbuild/darwin-x64@0.18.20
74 silly fetch manifest @esbuild/linux-ia32@0.18.20
75 silly fetch manifest @esbuild/netbsd-x64@0.18.20
76 silly fetch manifest @esbuild/win32-ia32@0.18.20
77 silly fetch manifest @esbuild/android-arm@0.18.20
78 silly fetch manifest @esbuild/android-x64@0.18.20
79 silly fetch manifest @esbuild/freebsd-x64@0.18.20
80 silly fetch manifest @esbuild/linux-arm64@0.18.20
81 silly fetch manifest @esbuild/linux-ppc64@0.18.20
82 silly fetch manifest @esbuild/linux-s390x@0.18.20
83 silly fetch manifest @esbuild/openbsd-x64@0.18.20
84 silly fetch manifest @esbuild/win32-arm64@0.18.20
85 silly fetch manifest @esbuild/darwin-arm64@0.18.20
86 silly fetch manifest @esbuild/android-arm64@0.18.20
87 silly fetch manifest @esbuild/freebsd-arm64@0.18.20
88 silly fetch manifest @esbuild/linux-loong64@0.18.20
89 silly fetch manifest @esbuild/linux-riscv64@0.18.20
90 silly fetch manifest @esbuild/linux-mips64el@0.18.20
91 http fetch GET 200 https://registry.npmjs.org/@esbuild%2flinux-arm 46ms (cache hit)
92 http fetch GET 200 https://registry.npmjs.org/@esbuild%2flinux-ia32 46ms (cache hit)
93 http fetch GET 200 https://registry.npmjs.org/@esbuild%2fsunos-x64 47ms (cache hit)
94 http fetch GET 200 https://registry.npmjs.org/@esbuild%2fnetbsd-x64 48ms (cache hit)
95 http fetch GET 200 https://registry.npmjs.org/@esbuild%2fwin32-x64 49ms (cache hit)
96 http fetch GET 200 https://registry.npmjs.org/@esbuild%2flinux-x64 51ms (cache hit)
97 http fetch GET 200 https://registry.npmjs.org/@esbuild%2fandroid-arm 50ms (cache hit)
98 http fetch GET 200 https://registry.npmjs.org/@esbuild%2fdarwin-x64 52ms (cache hit)
99 http fetch GET 200 https://registry.npmjs.org/@esbuild%2flinux-arm64 50ms (cache hit)
100 http fetch GET 200 https://registry.npmjs.org/@esbuild%2fwin32-ia32 52ms (cache hit)
101 http fetch GET 200 https://registry.npmjs.org/@esbuild%2fandroid-x64 53ms (cache hit)
102 http fetch GET 200 https://registry.npmjs.org/@esbuild%2flinux-ppc64 53ms (cache hit)
103 http fetch GET 200 https://registry.npmjs.org/@esbuild%2fdarwin-arm64 52ms (cache hit)
104 http fetch GET 200 https://registry.npmjs.org/@esbuild%2flinux-s390x 54ms (cache hit)
105 http fetch GET 200 https://registry.npmjs.org/@esbuild%2ffreebsd-x64 56ms (cache hit)
106 http fetch GET 200 https://registry.npmjs.org/@esbuild%2flinux-loong64 53ms (cache hit)
107 http fetch GET 200 https://registry.npmjs.org/@esbuild%2ffreebsd-arm64 54ms (cache hit)
108 http fetch GET 200 https://registry.npmjs.org/@esbuild%2fopenbsd-x64 56ms (cache hit)
109 http fetch GET 200 https://registry.npmjs.org/@esbuild%2flinux-riscv64 55ms (cache hit)
110 http fetch GET 200 https://registry.npmjs.org/@esbuild%2fandroid-arm64 57ms (cache hit)
111 http fetch GET 200 https://registry.npmjs.org/@esbuild%2flinux-mips64el 57ms (cache hit)
112 http fetch GET 200 https://registry.npmjs.org/@esbuild%2fwin32-arm64 60ms (cache hit)
113 timing idealTree:node_modules/vite Completed in 67ms
114 silly placeDep node_modules/esbuild @esbuild/android-arm@0.18.20 OK for: esbuild@0.18.20 want: 0.18.20
115 silly placeDep node_modules/esbuild @esbuild/android-arm64@0.18.20 OK for: esbuild@0.18.20 want: 0.18.20
116 silly placeDep node_modules/esbuild @esbuild/android-x64@0.18.20 OK for: esbuild@0.18.20 want: 0.18.20
117 silly placeDep node_modules/esbuild @esbuild/darwin-arm64@0.18.20 OK for: esbuild@0.18.20 want: 0.18.20
118 silly placeDep node_modules/esbuild @esbuild/darwin-x64@0.18.20 OK for: esbuild@0.18.20 want: 0.18.20
119 silly placeDep node_modules/esbuild @esbuild/freebsd-arm64@0.18.20 OK for: esbuild@0.18.20 want: 0.18.20
120 silly placeDep node_modules/esbuild @esbuild/freebsd-x64@0.18.20 OK for: esbuild@0.18.20 want: 0.18.20
121 silly placeDep node_modules/esbuild @esbuild/linux-arm@0.18.20 OK for: esbuild@0.18.20 want: 0.18.20
122 silly placeDep node_modules/esbuild @esbuild/linux-arm64@0.18.20 OK for: esbuild@0.18.20 want: 0.18.20
123 silly placeDep node_modules/esbuild @esbuild/linux-ia32@0.18.20 OK for: esbuild@0.18.20 want: 0.18.20
124 silly placeDep node_modules/esbuild @esbuild/linux-loong64@0.18.20 OK for: esbuild@0.18.20 want: 0.18.20
125 silly placeDep node_modules/esbuild @esbuild/linux-mips64el@0.18.20 OK for: esbuild@0.18.20 want: 0.18.20
126 silly placeDep node_modules/esbuild @esbuild/linux-ppc64@0.18.20 OK for: esbuild@0.18.20 want: 0.18.20
127 silly placeDep node_modules/esbuild @esbuild/linux-riscv64@0.18.20 OK for: esbuild@0.18.20 want: 0.18.20
128 silly placeDep node_modules/esbuild @esbuild/linux-s390x@0.18.20 OK for: esbuild@0.18.20 want: 0.18.20
129 silly placeDep node_modules/esbuild @esbuild/linux-x64@0.18.20 OK for: esbuild@0.18.20 want: 0.18.20
130 silly placeDep node_modules/esbuild @esbuild/netbsd-x64@0.18.20 OK for: esbuild@0.18.20 want: 0.18.20
131 silly placeDep node_modules/esbuild @esbuild/openbsd-x64@0.18.20 OK for: esbuild@0.18.20 want: 0.18.20
132 silly placeDep node_modules/esbuild @esbuild/sunos-x64@0.18.20 OK for: esbuild@0.18.20 want: 0.18.20
133 silly placeDep node_modules/esbuild @esbuild/win32-arm64@0.18.20 OK for: esbuild@0.18.20 want: 0.18.20
134 silly placeDep node_modules/esbuild @esbuild/win32-ia32@0.18.20 OK for: esbuild@0.18.20 want: 0.18.20
135 silly placeDep ROOT @esbuild/win32-x64@0.18.20 OK for: esbuild@0.18.20 want: 0.18.20
136 timing idealTree:node_modules/esbuild Completed in 19ms
137 timing idealTree:node_modules/@esbuild/win32-x64 Completed in 0ms
138 timing idealTree:node_modules/rollup Completed in 0ms
139 timing idealTree:node_modules/esbuild/node_modules/@esbuild/android-arm Completed in 0ms
140 timing idealTree:node_modules/esbuild/node_modules/@esbuild/android-arm64 Completed in 0ms
141 timing idealTree:node_modules/esbuild/node_modules/@esbuild/android-x64 Completed in 0ms
142 timing idealTree:node_modules/esbuild/node_modules/@esbuild/darwin-arm64 Completed in 0ms
143 timing idealTree:node_modules/esbuild/node_modules/@esbuild/darwin-x64 Completed in 0ms
144 timing idealTree:node_modules/esbuild/node_modules/@esbuild/freebsd-arm64 Completed in 0ms
145 timing idealTree:node_modules/esbuild/node_modules/@esbuild/freebsd-x64 Completed in 0ms
146 timing idealTree:node_modules/esbuild/node_modules/@esbuild/linux-arm Completed in 0ms
147 timing idealTree:node_modules/esbuild/node_modules/@esbuild/linux-arm64 Completed in 0ms
148 timing idealTree:node_modules/esbuild/node_modules/@esbuild/linux-ia32 Completed in 0ms
149 timing idealTree:node_modules/esbuild/node_modules/@esbuild/linux-loong64 Completed in 0ms
150 timing idealTree:node_modules/esbuild/node_modules/@esbuild/linux-mips64el Completed in 1ms
151 timing idealTree:node_modules/esbuild/node_modules/@esbuild/linux-ppc64 Completed in 0ms
152 timing idealTree:node_modules/esbuild/node_modules/@esbuild/linux-riscv64 Completed in 0ms
153 timing idealTree:node_modules/esbuild/node_modules/@esbuild/linux-s390x Completed in 0ms
154 timing idealTree:node_modules/esbuild/node_modules/@esbuild/linux-x64 Completed in 0ms
155 timing idealTree:node_modules/esbuild/node_modules/@esbuild/netbsd-x64 Completed in 0ms
156 timing idealTree:node_modules/esbuild/node_modules/@esbuild/openbsd-x64 Completed in 0ms
157 timing idealTree:node_modules/esbuild/node_modules/@esbuild/sunos-x64 Completed in 0ms
158 timing idealTree:node_modules/esbuild/node_modules/@esbuild/win32-arm64 Completed in 0ms
159 timing idealTree:node_modules/esbuild/node_modules/@esbuild/win32-ia32 Completed in 0ms
160 timing idealTree:buildDeps Completed in 245ms
161 timing idealTree:fixDepFlags Completed in 1ms
162 timing idealTree Completed in 439ms
163 timing reify:loadTrees Completed in 439ms
164 timing reify:diffTrees Completed in 4ms
165 silly reify mark retired [
165 silly reify   'D:\\Usuario\\Documents\\repos\\Marca\\neurion\\node_modules\\fsevents'
165 silly reify ]
166 silly reify mark retired [
166 silly reify   'D:\\Usuario\\Documents\\repos\\Marca\\neurion\\node_modules\\@esbuild\\aix-ppc64'
166 silly reify ]
167 silly reify mark retired [
167 silly reify   'D:\\Usuario\\Documents\\repos\\Marca\\neurion\\node_modules\\@esbuild\\android-arm'
167 silly reify ]
168 silly reify mark retired [
168 silly reify   'D:\\Usuario\\Documents\\repos\\Marca\\neurion\\node_modules\\@esbuild\\android-arm64'
168 silly reify ]
169 silly reify mark retired [
169 silly reify   'D:\\Usuario\\Documents\\repos\\Marca\\neurion\\node_modules\\@esbuild\\darwin-arm64'
169 silly reify ]
170 silly reify mark retired [
170 silly reify   'D:\\Usuario\\Documents\\repos\\Marca\\neurion\\node_modules\\@esbuild\\darwin-x64'
170 silly reify ]
171 silly reify mark retired [
171 silly reify   'D:\\Usuario\\Documents\\repos\\Marca\\neurion\\node_modules\\@esbuild\\android-x64'
171 silly reify ]
172 silly reify mark retired [
172 silly reify   'D:\\Usuario\\Documents\\repos\\Marca\\neurion\\node_modules\\@esbuild\\linux-arm'
172 silly reify ]
173 silly reify mark retired [
173 silly reify   'D:\\Usuario\\Documents\\repos\\Marca\\neurion\\node_modules\\@esbuild\\freebsd-arm64'
173 silly reify ]
174 silly reify mark retired [
174 silly reify   'D:\\Usuario\\Documents\\repos\\Marca\\neurion\\node_modules\\@esbuild\\freebsd-x64'
174 silly reify ]
175 silly reify mark retired [
175 silly reify   'D:\\Usuario\\Documents\\repos\\Marca\\neurion\\node_modules\\@esbuild\\linux-arm64'
175 silly reify ]
176 silly reify mark retired [
176 silly reify   'D:\\Usuario\\Documents\\repos\\Marca\\neurion\\node_modules\\@esbuild\\linux-ia32'
176 silly reify ]
177 silly reify mark retired [
177 silly reify   'D:\\Usuario\\Documents\\repos\\Marca\\neurion\\node_modules\\@esbuild\\linux-loong64'
177 silly reify ]
178 silly reify mark retired [
178 silly reify   'D:\\Usuario\\Documents\\repos\\Marca\\neurion\\node_modules\\@esbuild\\linux-mips64el'
178 silly reify ]
179 silly reify mark retired [
179 silly reify   'D:\\Usuario\\Documents\\repos\\Marca\\neurion\\node_modules\\@esbuild\\linux-ppc64'
179 silly reify ]
180 silly reify mark retired [
180 silly reify   'D:\\Usuario\\Documents\\repos\\Marca\\neurion\\node_modules\\@esbuild\\linux-riscv64'
180 silly reify ]
181 silly reify mark retired [
181 silly reify   'D:\\Usuario\\Documents\\repos\\Marca\\neurion\\node_modules\\@esbuild\\linux-s390x'
181 silly reify ]
182 silly reify mark retired [
182 silly reify   'D:\\Usuario\\Documents\\repos\\Marca\\neurion\\node_modules\\@esbuild\\linux-x64'
182 silly reify ]
183 silly reify mark retired [
183 silly reify   'D:\\Usuario\\Documents\\repos\\Marca\\neurion\\node_modules\\@esbuild\\netbsd-x64'
183 silly reify ]
184 silly reify mark retired [
184 silly reify   'D:\\Usuario\\Documents\\repos\\Marca\\neurion\\node_modules\\@esbuild\\openbsd-x64'
184 silly reify ]
185 silly reify mark retired [
185 silly reify   'D:\\Usuario\\Documents\\repos\\Marca\\neurion\\node_modules\\@esbuild\\sunos-x64'
185 silly reify ]
186 silly reify mark retired [
186 silly reify   'D:\\Usuario\\Documents\\repos\\Marca\\neurion\\node_modules\\@esbuild\\win32-arm64'
186 silly reify ]
187 silly reify mark retired [
187 silly reify   'D:\\Usuario\\Documents\\repos\\Marca\\neurion\\node_modules\\@esbuild\\win32-ia32'
187 silly reify ]
188 silly reify mark retired [
188 silly reify   'D:\\Usuario\\Documents\\repos\\Marca\\neurion\\node_modules\\@rollup\\rollup-android-arm-eabi'
188 silly reify ]
189 silly reify mark retired [
189 silly reify   'D:\\Usuario\\Documents\\repos\\Marca\\neurion\\node_modules\\@rollup\\rollup-darwin-arm64'
189 silly reify ]
190 silly reify mark retired [
190 silly reify   'D:\\Usuario\\Documents\\repos\\Marca\\neurion\\node_modules\\@rollup\\rollup-android-arm64'
190 silly reify ]
191 silly reify mark retired [
191 silly reify   'D:\\Usuario\\Documents\\repos\\Marca\\neurion\\node_modules\\@rollup\\rollup-freebsd-arm64'
191 silly reify ]
192 silly reify mark retired [
192 silly reify   'D:\\Usuario\\Documents\\repos\\Marca\\neurion\\node_modules\\@rollup\\rollup-darwin-x64'
192 silly reify ]
193 silly reify mark retired [
193 silly reify   'D:\\Usuario\\Documents\\repos\\Marca\\neurion\\node_modules\\@rollup\\rollup-freebsd-x64'
193 silly reify ]
194 silly reify mark retired [
194 silly reify   'D:\\Usuario\\Documents\\repos\\Marca\\neurion\\node_modules\\@rollup\\rollup-linux-arm-gnueabihf'
194 silly reify ]
195 silly reify mark retired [
195 silly reify   'D:\\Usuario\\Documents\\repos\\Marca\\neurion\\node_modules\\@rollup\\rollup-linux-arm-musleabihf'
195 silly reify ]
196 silly reify mark retired [
196 silly reify   'D:\\Usuario\\Documents\\repos\\Marca\\neurion\\node_modules\\@rollup\\rollup-linux-arm64-gnu'
196 silly reify ]
197 silly reify mark retired [
197 silly reify   'D:\\Usuario\\Documents\\repos\\Marca\\neurion\\node_modules\\@rollup\\rollup-linux-arm64-musl'
197 silly reify ]
198 silly reify mark retired [
198 silly reify   'D:\\Usuario\\Documents\\repos\\Marca\\neurion\\node_modules\\@rollup\\rollup-linux-loong64-gnu'
198 silly reify ]
199 silly reify mark retired [
199 silly reify   'D:\\Usuario\\Documents\\repos\\Marca\\neurion\\node_modules\\@rollup\\rollup-linux-ppc64-gnu'
199 silly reify ]
200 silly reify mark retired [
200 silly reify   'D:\\Usuario\\Documents\\repos\\Marca\\neurion\\node_modules\\@rollup\\rollup-linux-loong64-musl'
200 silly reify ]
201 silly reify mark retired [
201 silly reify   'D:\\Usuario\\Documents\\repos\\Marca\\neurion\\node_modules\\@rollup\\rollup-linux-ppc64-musl'
201 silly reify ]
202 silly reify mark retired [
202 silly reify   'D:\\Usuario\\Documents\\repos\\Marca\\neurion\\node_modules\\@rollup\\rollup-linux-riscv64-gnu'
202 silly reify ]
203 silly reify mark retired [
203 silly reify   'D:\\Usuario\\Documents\\repos\\Marca\\neurion\\node_modules\\@rollup\\rollup-linux-riscv64-musl'
203 silly reify ]
204 silly reify mark retired [
204 silly reify   'D:\\Usuario\\Documents\\repos\\Marca\\neurion\\node_modules\\@rollup\\rollup-linux-s390x-gnu'
204 silly reify ]
205 silly reify mark retired [
205 silly reify   'D:\\Usuario\\Documents\\repos\\Marca\\neurion\\node_modules\\@rollup\\rollup-linux-x64-gnu'
205 silly reify ]
206 silly reify mark retired [
206 silly reify   'D:\\Usuario\\Documents\\repos\\Marca\\neurion\\node_modules\\@rollup\\rollup-linux-x64-musl'
206 silly reify ]
207 silly reify mark retired [
207 silly reify   'D:\\Usuario\\Documents\\repos\\Marca\\neurion\\node_modules\\@rollup\\rollup-openharmony-arm64'
207 silly reify ]
208 silly reify mark retired [
208 silly reify   'D:\\Usuario\\Documents\\repos\\Marca\\neurion\\node_modules\\@rollup\\rollup-win32-arm64-msvc'
208 silly reify ]
209 silly reify mark retired [
209 silly reify   'D:\\Usuario\\Documents\\repos\\Marca\\neurion\\node_modules\\@rollup\\rollup-openbsd-x64'
209 silly reify ]
210 silly reify mark retired [
210 silly reify   'D:\\Usuario\\Documents\\repos\\Marca\\neurion\\node_modules\\@rollup\\rollup-win32-ia32-msvc'
210 silly reify ]
211 silly reify mark retired [
211 silly reify   'D:\\Usuario\\Documents\\repos\\Marca\\neurion\\node_modules\\esbuild',
211 silly reify   'D:\\Usuario\\Documents\\repos\\Marca\\neurion\\node_modules\\.bin\\esbuild',
211 silly reify   'D:\\Usuario\\Documents\\repos\\Marca\\neurion\\node_modules\\.bin\\esbuild.cmd',
211 silly reify   'D:\\Usuario\\Documents\\repos\\Marca\\neurion\\node_modules\\.bin\\esbuild.ps1'
211 silly reify ]
212 silly reify mark retired [
212 silly reify   'D:\\Usuario\\Documents\\repos\\Marca\\neurion\\node_modules\\rollup',
212 silly reify   'D:\\Usuario\\Documents\\repos\\Marca\\neurion\\node_modules\\.bin\\rollup',
212 silly reify   'D:\\Usuario\\Documents\\repos\\Marca\\neurion\\node_modules\\.bin\\rollup.cmd',
212 silly reify   'D:\\Usuario\\Documents\\repos\\Marca\\neurion\\node_modules\\.bin\\rollup.ps1'
212 silly reify ]
213 silly reify mark retired [
213 silly reify   'D:\\Usuario\\Documents\\repos\\Marca\\neurion\\node_modules\\vite',
213 silly reify   'D:\\Usuario\\Documents\\repos\\Marca\\neurion\\node_modules\\.bin\\vite',
213 silly reify   'D:\\Usuario\\Documents\\repos\\Marca\\neurion\\node_modules\\.bin\\vite.cmd',
213 silly reify   'D:\\Usuario\\Documents\\repos\\Marca\\neurion\\node_modules\\.bin\\vite.ps1'
213 silly reify ]
214 silly reify mark retired [
214 silly reify   'D:\\Usuario\\Documents\\repos\\Marca\\neurion\\node_modules\\@esbuild\\win32-x64'
214 silly reify ]
215 silly reify mark retired [
215 silly reify   'D:\\Usuario\\Documents\\repos\\Marca\\neurion\\node_modules\\@rollup\\rollup-win32-x64-gnu'
215 silly reify ]
216 silly reify mark retired [
216 silly reify   'D:\\Usuario\\Documents\\repos\\Marca\\neurion\\node_modules\\@rollup\\rollup-win32-x64-msvc'
216 silly reify ]
217 silly reify mark retired [
217 silly reify   'D:\\Usuario\\Documents\\repos\\Marca\\neurion\\node_modules\\@types\\estree'
217 silly reify ]
218 silly reify moves {
218 silly reify   'D:\\Usuario\\Documents\\repos\\Marca\\neurion\\node_modules\\fsevents': 'D:\\Usuario\\Documents\\repos\\Marca\\neurion\\node_modules\\.fsevents-OlzaOgwj',
218 silly reify   'D:\\Usuario\\Documents\\repos\\Marca\\neurion\\node_modules\\@esbuild\\aix-ppc64': 'D:\\Usuario\\Documents\\repos\\Marca\\neurion\\node_modules\\@esbuild\\.aix-ppc64-up1U7Sfn',
218 silly reify   'D:\\Usuario\\Documents\\repos\\Marca\\neurion\\node_modules\\@esbuild\\android-arm': 'D:\\Usuario\\Documents\\repos\\Marca\\neurion\\node_modules\\@esbuild\\.android-arm-aHsqWrT5',
218 silly reify   'D:\\Usuario\\Documents\\repos\\Marca\\neurion\\node_modules\\@esbuild\\android-arm64': 'D:\\Usuario\\Documents\\repos\\Marca\\neurion\\node_modules\\@esbuild\\.android-arm64-4CFPOW7G',
218 silly reify   'D:\\Usuario\\Documents\\repos\\Marca\\neurion\\node_modules\\@esbuild\\darwin-arm64': 'D:\\Usuario\\Documents\\repos\\Marca\\neurion\\node_modules\\@esbuild\\.darwin-arm64-pl2qfjgo',
218 silly reify   'D:\\Usuario\\Documents\\repos\\Marca\\neurion\\node_modules\\@esbuild\\darwin-x64': 'D:\\Usuario\\Documents\\repos\\Marca\\neurion\\node_modules\\@esbuild\\.darwin-x64-YRd3gP3D',
218 silly reify   'D:\\Usuario\\Documents\\repos\\Marca\\neurion\\node_modules\\@esbuild\\android-x64': 'D:\\Usuario\\Documents\\repos\\Marca\\neurion\\node_modules\\@esbuild\\.android-x64-lq39pi3v',
218 silly reify   'D:\\Usuario\\Documents\\repos\\Marca\\neurion\\node_modules\\@esbuild\\linux-arm': 'D:\\Usuario\\Documents\\repos\\Marca\\neurion\\node_modules\\@esbuild\\.linux-arm-87epjkBn',
218 silly reify   'D:\\Usuario\\Documents\\repos\\Marca\\neurion\\node_modules\\@esbuild\\freebsd-arm64': 'D:\\Usuario\\Documents\\repos\\Marca\\neurion\\node_modules\\@esbuild\\.freebsd-arm64-8xGaYZK3',
218 silly reify   'D:\\Usuario\\Documents\\repos\\Marca\\neurion\\node_modules\\@esbuild\\freebsd-x64': 'D:\\Usuario\\Documents\\repos\\Marca\\neurion\\node_modules\\@esbuild\\.freebsd-x64-wdQ5wKMt',
218 silly reify   'D:\\Usuario\\Documents\\repos\\Marca\\neurion\\node_modules\\@esbuild\\linux-arm64': 'D:\\Usuario\\Documents\\repos\\Marca\\neurion\\node_modules\\@esbuild\\.linux-arm64-iqrXOl1c',
218 silly reify   'D:\\Usuario\\Documents\\repos\\Marca\\neurion\\node_modules\\@esbuild\\linux-ia32': 'D:\\Usuario\\Documents\\repos\\Marca\\neurion\\node_modules\\@esbuild\\.linux-ia32-P0uIoFM1',
218 silly reify   'D:\\Usuario\\Documents\\repos\\Marca\\neurion\\node_modules\\@esbuild\\linux-loong64': 'D:\\Usuario\\Documents\\repos\\Marca\\neurion\\node_modules\\@esbuild\\.linux-loong64-p8KtHa3R',
218 silly reify   'D:\\Usuario\\Documents\\repos\\Marca\\neurion\\node_modules\\@esbuild\\linux-mips64el': 'D:\\Usuario\\Documents\\repos\\Marca\\neurion\\node_modules\\@esbuild\\.linux-mips64el-wbkLKCYx',
218 silly reify   'D:\\Usuario\\Documents\\repos\\Marca\\neurion\\node_modules\\@esbuild\\linux-ppc64': 'D:\\Usuario\\Documents\\repos\\Marca\\neurion\\node_modules\\@esbuild\\.linux-ppc64-TMEBykNl',
218 silly reify   'D:\\Usuario\\Documents\\repos\\Marca\\neurion\\node_modules\\@esbuild\\linux-riscv64': 'D:\\Usuario\\Documents\\repos\\Marca\\neurion\\node_modules\\@esbuild\\.linux-riscv64-WDCfuVfP',
218 silly reify   'D:\\Usuario\\Documents\\repos\\Marca\\neurion\\node_modules\\@esbuild\\linux-s390x': 'D:\\Usuario\\Documents\\repos\\Marca\\neurion\\node_modules\\@esbuild\\.linux-s390x-PbUrTS9u',
218 silly reify   'D:\\Usuario\\Documents\\repos\\Marca\\neurion\\node_modules\\@esbuild\\linux-x64': 'D:\\Usuario\\Documents\\repos\\Marca\\neurion\\node_modules\\@esbuild\\.linux-x64-HSvJFDO6',
218 silly reify   'D:\\Usuario\\Documents\\repos\\Marca\\neurion\\node_modules\\@esbuild\\netbsd-x64': 'D:\\Usuario\\Documents\\repos\\Marca\\neurion\\node_modules\\@esbuild\\.netbsd-x64-CodEufSN',
218 silly reify   'D:\\Usuario\\Documents\\repos\\Marca\\neurion\\node_modules\\@esbuild\\openbsd-x64': 'D:\\Usuario\\Documents\\repos\\Marca\\neurion\\node_modules\\@esbuild\\.openbsd-x64-5I8UluWu',
218 silly reify   'D:\\Usuario\\Documents\\repos\\Marca\\neurion\\node_modules\\@esbuild\\sunos-x64': 'D:\\Usuario\\Documents\\repos\\Marca\\neurion\\node_modules\\@esbuild\\.sunos-x64-gnN3U1SA',
218 silly reify   'D:\\Usuario\\Documents\\repos\\Marca\\neurion\\node_modules\\@esbuild\\win32-arm64': 'D:\\Usuario\\Documents\\repos\\Marca\\neurion\\node_modules\\@esbuild\\.win32-arm64-MgBk12aH',
218 silly reify   'D:\\Usuario\\Documents\\repos\\Marca\\neurion\\node_modules\\@esbuild\\win32-ia32': 'D:\\Usuario\\Documents\\repos\\Marca\\neurion\\node_modules\\@esbuild\\.win32-ia32-QHhjJKo6',
218 silly reify   'D:\\Usuario\\Documents\\repos\\Marca\\neurion\\node_modules\\@rollup\\rollup-android-arm-eabi': 'D:\\Usuario\\Documents\\repos\\Marca\\neurion\\node_modules\\@rollup\\.rollup-android-arm-eabi-OR26VcvV',
218 silly reify   'D:\\Usuario\\Documents\\repos\\Marca\\neurion\\node_modules\\@rollup\\rollup-darwin-arm64': 'D:\\Usuario\\Documents\\repos\\Marca\\neurion\\node_modules\\@rollup\\.rollup-darwin-arm64-JIHL7u1g',
218 silly reify   'D:\\Usuario\\Documents\\repos\\Marca\\neurion\\node_modules\\@rollup\\rollup-android-arm64': 'D:\\Usuario\\Documents\\repos\\Marca\\neurion\\node_modules\\@rollup\\.rollup-android-arm64-FLxLRPGU',
218 silly reify   'D:\\Usuario\\Documents\\repos\\Marca\\neurion\\node_modules\\@rollup\\rollup-freebsd-arm64': 'D:\\Usuario\\Documents\\repos\\Marca\\neurion\\node_modules\\@rollup\\.rollup-freebsd-arm64-dJvZLt7T',
218 silly reify   'D:\\Usuario\\Documents\\repos\\Marca\\neurion\\node_modules\\@rollup\\rollup-darwin-x64': 'D:\\Usuario\\Documents\\repos\\Marca\\neurion\\node_modules\\@rollup\\.rollup-darwin-x64-bXqJnDX7',
218 silly reify   'D:\\Usuario\\Documents\\repos\\Marca\\neurion\\node_modules\\@rollup\\rollup-freebsd-x64': 'D:\\Usuario\\Documents\\repos\\Marca\\neurion\\node_modules\\@rollup\\.rollup-freebsd-x64-9laUKzDG',
218 silly reify   'D:\\Usuario\\Documents\\repos\\Marca\\neurion\\node_modules\\@rollup\\rollup-linux-arm-gnueabihf': 'D:\\Usuario\\Documents\\repos\\Marca\\neurion\\node_modules\\@rollup\\.rollup-linux-arm-gnueabihf-8r3CTTqb',
218 silly reify   'D:\\Usuario\\Documents\\repos\\Marca\\neurion\\node_modules\\@rollup\\rollup-linux-arm-musleabihf': 'D:\\Usuario\\Documents\\repos\\Marca\\neurion\\node_modules\\@rollup\\.rollup-linux-arm-musleabihf-1sWS6cDx',
218 silly reify   'D:\\Usuario\\Documents\\repos\\Marca\\neurion\\node_modules\\@rollup\\rollup-linux-arm64-gnu': 'D:\\Usuario\\Documents\\repos\\Marca\\neurion\\node_modules\\@rollup\\.rollup-linux-arm64-gnu-Wlx6awK5',
218 silly reify   'D:\\Usuario\\Documents\\repos\\Marca\\neurion\\node_modules\\@rollup\\rollup-linux-arm64-musl': 'D:\\Usuario\\Documents\\repos\\Marca\\neurion\\node_modules\\@rollup\\.rollup-linux-arm64-musl-MRjj9V3C',
218 silly reify   'D:\\Usuario\\Documents\\repos\\Marca\\neurion\\node_modules\\@rollup\\rollup-linux-loong64-gnu': 'D:\\Usuario\\Documents\\repos\\Marca\\neurion\\node_modules\\@rollup\\.rollup-linux-loong64-gnu-3Vl7hx2A',
218 silly reify   'D:\\Usuario\\Documents\\repos\\Marca\\neurion\\node_modules\\@rollup\\rollup-linux-ppc64-gnu': 'D:\\Usuario\\Documents\\repos\\Marca\\neurion\\node_modules\\@rollup\\.rollup-linux-ppc64-gnu-aHIhV88O',
218 silly reify   'D:\\Usuario\\Documents\\repos\\Marca\\neurion\\node_modules\\@rollup\\rollup-linux-loong64-musl': 'D:\\Usuario\\Documents\\repos\\Marca\\neurion\\node_modules\\@rollup\\.rollup-linux-loong64-musl-aFXVn4N4',
218 silly reify   'D:\\Usuario\\Documents\\repos\\Marca\\neurion\\node_modules\\@rollup\\rollup-linux-ppc64-musl': 'D:\\Usuario\\Documents\\repos\\Marca\\neurion\\node_modules\\@rollup\\.rollup-linux-ppc64-musl-1fUkpWq0',
218 silly reify   'D:\\Usuario\\Documents\\repos\\Marca\\neurion\\node_modules\\@rollup\\rollup-linux-riscv64-gnu': 'D:\\Usuario\\Documents\\repos\\Marca\\neurion\\node_modules\\@rollup\\.rollup-linux-riscv64-gnu-fY0BWieW',
218 silly reify   'D:\\Usuario\\Documents\\repos\\Marca\\neurion\\node_modules\\@rollup\\rollup-linux-riscv64-musl': 'D:\\Usuario\\Documents\\repos\\Marca\\neurion\\node_modules\\@rollup\\.rollup-linux-riscv64-musl-5bxZfPS7',
218 silly reify   'D:\\Usuario\\Documents\\repos\\Marca\\neurion\\node_modules\\@rollup\\rollup-linux-s390x-gnu': 'D:\\Usuario\\Documents\\repos\\Marca\\neurion\\node_modules\\@rollup\\.rollup-linux-s390x-gnu-pml4HQsu',
218 silly reify   'D:\\Usuario\\Documents\\repos\\Marca\\neurion\\node_modules\\@rollup\\rollup-linux-x64-gnu': 'D:\\Usuario\\Documents\\repos\\Marca\\neurion\\node_modules\\@rollup\\.rollup-linux-x64-gnu-N9IvyH5s',
218 silly reify   'D:\\Usuario\\Documents\\repos\\Marca\\neurion\\node_modules\\@rollup\\rollup-linux-x64-musl': 'D:\\Usuario\\Documents\\repos\\Marca\\neurion\\node_modules\\@rollup\\.rollup-linux-x64-musl-NypihdvQ',
218 silly reify   'D:\\Usuario\\Documents\\repos\\Marca\\neurion\\node_modules\\@rollup\\rollup-openharmony-arm64': 'D:\\Usuario\\Documents\\repos\\Marca\\neurion\\node_modules\\@rollup\\.rollup-openharmony-arm64-pgEUj82i',
218 silly reify   'D:\\Usuario\\Documents\\repos\\Marca\\neurion\\node_modules\\@rollup\\rollup-win32-arm64-msvc': 'D:\\Usuario\\Documents\\repos\\Marca\\neurion\\node_modules\\@rollup\\.rollup-win32-arm64-msvc-L4kx2YyH',
218 silly reify   'D:\\Usuario\\Documents\\repos\\Marca\\neurion\\node_modules\\@rollup\\rollup-openbsd-x64': 'D:\\Usuario\\Documents\\repos\\Marca\\neurion\\node_modules\\@rollup\\.rollup-openbsd-x64-UCZfPhyy',
218 silly reify   'D:\\Usuario\\Documents\\repos\\Marca\\neurion\\node_modules\\@rollup\\rollup-win32-ia32-msvc': 'D:\\Usuario\\Documents\\repos\\Marca\\neurion\\node_modules\\@rollup\\.rollup-win32-ia32-msvc-VabYNlAG',
218 silly reify   'D:\\Usuario\\Documents\\repos\\Marca\\neurion\\node_modules\\esbuild': 'D:\\Usuario\\Documents\\repos\\Marca\\neurion\\node_modules\\.esbuild-4z4bl5dH',
218 silly reify   'D:\\Usuario\\Documents\\repos\\Marca\\neurion\\node_modules\\.bin\\esbuild': 'D:\\Usuario\\Documents\\repos\\Marca\\neurion\\node_modules\\.bin\\.esbuild-vEcXpWjn',
218 silly reify   'D:\\Usuario\\Documents\\repos\\Marca\\neurion\\node_modules\\.bin\\esbuild.cmd': 'D:\\Usuario\\Documents\\repos\\Marca\\neurion\\node_modules\\.bin\\.esbuild.cmd-8T2ZlZNX',
218 silly reify   'D:\\Usuario\\Documents\\repos\\Marca\\neurion\\node_modules\\.bin\\esbuild.ps1': 'D:\\Usuario\\Documents\\repos\\Marca\\neurion\\node_modules\\.bin\\.esbuild.ps1-6HMmEcxT',
218 silly reify   'D:\\Usuario\\Documents\\repos\\Marca\\neurion\\node_modules\\rollup': 'D:\\Usuario\\Documents\\repos\\Marca\\neurion\\node_modules\\.rollup-6J3nk3eO',
218 silly reify   'D:\\Usuario\\Documents\\repos\\Marca\\neurion\\node_modules\\.bin\\rollup': 'D:\\Usuario\\Documents\\repos\\Marca\\neurion\\node_modules\\.bin\\.rollup-zeZcDVvx',
218 silly reify   'D:\\Usuario\\Documents\\repos\\Marca\\neurion\\node_modules\\.bin\\rollup.cmd': 'D:\\Usuario\\Documents\\repos\\Marca\\neurion\\node_modules\\.bin\\.rollup.cmd-ZTSRUXoy',
218 silly reify   'D:\\Usuario\\Documents\\repos\\Marca\\neurion\\node_modules\\.bin\\rollup.ps1': 'D:\\Usuario\\Documents\\repos\\Marca\\neurion\\node_modules\\.bin\\.rollup.ps1-fOAR8nPz',
218 silly reify   'D:\\Usuario\\Documents\\repos\\Marca\\neurion\\node_modules\\vite': 'D:\\Usuario\\Documents\\repos\\Marca\\neurion\\node_modules\\.vite-tjTCxKvN',
218 silly reify   'D:\\Usuario\\Documents\\repos\\Marca\\neurion\\node_modules\\.bin\\vite': 'D:\\Usuario\\Documents\\repos\\Marca\\neurion\\node_modules\\.bin\\.vite-OEMrpLIg',
218 silly reify   'D:\\Usuario\\Documents\\repos\\Marca\\neurion\\node_modules\\.bin\\vite.cmd': 'D:\\Usuario\\Documents\\repos\\Marca\\neurion\\node_modules\\.bin\\.vite.cmd-BdicFds5',
218 silly reify   'D:\\Usuario\\Documents\\repos\\Marca\\neurion\\node_modules\\.bin\\vite.ps1': 'D:\\Usuario\\Documents\\repos\\Marca\\neurion\\node_modules\\.bin\\.vite.ps1-glpU0tnU',
218 silly reify   'D:\\Usuario\\Documents\\repos\\Marca\\neurion\\node_modules\\@esbuild\\win32-x64': 'D:\\Usuario\\Documents\\repos\\Marca\\neurion\\node_modules\\@esbuild\\.win32-x64-uT2jJJBd',
218 silly reify   'D:\\Usuario\\Documents\\repos\\Marca\\neurion\\node_modules\\@rollup\\rollup-win32-x64-gnu': 'D:\\Usuario\\Documents\\repos\\Marca\\neurion\\node_modules\\@rollup\\.rollup-win32-x64-gnu-PvEhectt',
218 silly reify   'D:\\Usuario\\Documents\\repos\\Marca\\neurion\\node_modules\\@rollup\\rollup-win32-x64-msvc': 'D:\\Usuario\\Documents\\repos\\Marca\\neurion\\node_modules\\@rollup\\.rollup-win32-x64-msvc-4uBuNhOT',
218 silly reify   'D:\\Usuario\\Documents\\repos\\Marca\\neurion\\node_modules\\@types\\estree': 'D:\\Usuario\\Documents\\repos\\Marca\\neurion\\node_modules\\@types\\.estree-OSgTfh7n'
218 silly reify }
219 timing reify:retireShallow Completed in 24ms
220 timing reify:createSparse Completed in 20ms
221 timing reify:loadBundles Completed in 0ms
222 silly audit bulk request {
222 silly audit   anymatch: [ '3.1.3' ],
222 silly audit   'any-promise': [ '1.3.0' ],
222 silly audit   'baseline-browser-mapping': [ '2.10.24' ],
222 silly audit   arg: [ '5.0.2' ],
222 silly audit   braces: [ '3.0.3' ],
222 silly audit   autoprefixer: [ '10.5.0' ],
222 silly audit   browserslist: [ '4.28.2' ],
222 silly audit   'binary-extensions': [ '2.3.0' ],
222 silly audit   'convert-source-map': [ '2.0.0' ],
222 silly audit   'camelcase-css': [ '2.0.1' ],
222 silly audit   debug: [ '4.4.3' ],
222 silly audit   commander: [ '4.1.1' ],
222 silly audit   didyoumean: [ '1.2.2' ],
222 silly audit   'caniuse-lite': [ '1.0.30001791' ],
222 silly audit   'electron-to-chromium': [ '1.5.344' ],
222 silly audit   dlv: [ '1.1.3' ],
222 silly audit   cssesc: [ '3.0.0' ],
222 silly audit   chokidar: [ '3.6.0' ],
222 silly audit   'glob-parent': [ '5.1.2', '6.0.2' ],
222 silly audit   'es-errors': [ '1.3.0' ],
222 silly audit   escalade: [ '3.2.0' ],
222 silly audit   'fraction.js': [ '5.3.4' ],
222 silly audit   'fast-glob': [ '3.3.3' ],
222 silly audit   'fill-range': [ '7.1.1' ],
222 silly audit   gensync: [ '1.0.0-beta.2' ],
222 silly audit   'is-binary-path': [ '2.1.0' ],
222 silly audit   fastq: [ '1.20.1' ],
222 silly audit   'is-glob': [ '4.0.3' ],
222 silly audit   'function-bind': [ '1.1.2' ],
222 silly audit   hasown: [ '2.0.3' ],
222 silly audit   jiti: [ '1.21.7' ],
222 silly audit   jsesc: [ '3.1.0' ],
222 silly audit   'is-core-module': [ '2.16.1' ],
222 silly audit   'js-tokens': [ '4.0.0' ],
222 silly audit   'is-extglob': [ '2.1.1' ],
222 silly audit   lilconfig: [ '3.1.3' ],
222 silly audit   'lru-cache': [ '5.1.1' ],
222 silly audit   json5: [ '2.2.3' ],
222 silly audit   'loose-envify': [ '1.4.0' ],
222 silly audit   'is-number': [ '7.0.0' ],
222 silly audit   micromatch: [ '4.0.8' ],
222 silly audit   'lines-and-columns': [ '1.2.4' ],
222 silly audit   'node-releases': [ '2.0.38' ],
222 silly audit   merge2: [ '1.4.1' ],
222 silly audit   nanoid: [ '3.3.11' ],
222 silly audit   'normalize-path': [ '3.0.0' ],
222 silly audit   mz: [ '2.7.0' ],
222 silly audit   'object-hash': [ '3.0.0' ],
222 silly audit   picocolors: [ '1.1.1' ],
222 silly audit   'object-assign': [ '4.1.1' ],
222 silly audit   picomatch: [ '2.3.2', '4.0.4' ],
222 silly audit   ms: [ '2.1.3' ],
222 silly audit   'path-parse': [ '1.0.7' ],
222 silly audit   postcss: [ '8.5.12' ],
222 silly audit   pirates: [ '4.0.7' ],
222 silly audit   'postcss-js': [ '4.1.0' ],
222 silly audit   'postcss-import': [ '15.1.0' ],
222 silly audit   'postcss-load-config': [ '6.0.1' ],
222 silly audit   pify: [ '2.3.0' ],
222 silly audit   'postcss-selector-parser': [ '6.1.2' ],
222 silly audit   'postcss-nested': [ '6.2.0' ],
222 silly audit   'postcss-value-parser': [ '4.2.0' ],
222 silly audit   react: [ '18.3.1' ],
222 silly audit   'queue-microtask': [ '1.2.3' ],
222 silly audit   'react-dom': [ '18.3.1' ],
222 silly audit   readdirp: [ '3.6.0' ],
222 silly audit   resolve: [ '1.22.12' ],
222 silly audit   'react-refresh': [ '0.17.0' ],
222 silly audit   'read-cache': [ '1.0.0' ],
222 silly audit   semver: [ '6.3.1' ],
222 silly audit   scheduler: [ '0.23.2' ],
222 silly audit   'source-map-js': [ '1.2.1' ],
222 silly audit   sucrase: [ '3.35.1' ],
222 silly audit   tailwindcss: [ '3.4.19' ],
222 silly audit   reusify: [ '1.1.0' ],
222 silly audit   'run-parallel': [ '1.2.0' ],
222 silly audit   thenify: [ '3.3.1' ],
222 silly audit   'supports-preserve-symlinks-flag': [ '1.0.0' ],
222 silly audit   'to-regex-range': [ '5.0.1' ],
222 silly audit   'update-browserslist-db': [ '1.2.3' ],
222 silly audit   tinyglobby: [ '0.2.16' ],
222 silly audit   fdir: [ '6.5.0' ],
222 silly audit   'ts-interface-checker': [ '0.1.13' ],
222 silly audit   'thenify-all': [ '1.6.0' ],
222 silly audit   yallist: [ '3.1.1' ],
222 silly audit   'util-deprecate': [ '1.0.2' ],
222 silly audit   '@babel/compat-data': [ '7.29.0' ],
222 silly audit   '@babel/core': [ '7.29.0' ],
222 silly audit   '@babel/code-frame': [ '7.29.0' ],
222 silly audit   '@babel/helper-module-imports': [ '7.28.6' ],
222 silly audit   '@babel/helper-compilation-targets': [ '7.28.6' ],
222 silly audit   '@babel/generator': [ '7.29.1' ],
222 silly audit   '@babel/helper-globals': [ '7.28.0' ],
222 silly audit   '@babel/helper-module-transforms': [ '7.28.6' ],
222 silly audit   '@babel/helper-string-parser': [ '7.27.1' ],
222 silly audit   '@babel/helper-plugin-utils': [ '7.28.6' ],
222 silly audit   '@babel/parser': [ '7.29.2' ],
222 silly audit   '@babel/helper-validator-option': [ '7.27.1' ],
222 silly audit   '@babel/plugin-transform-react-jsx-self': [ '7.27.1' ],
222 silly audit   '@babel/helpers': [ '7.29.2' ],
222 silly audit   '@babel/helper-validator-identifier': [ '7.28.5' ],
222 silly audit   '@babel/plugin-transform-react-jsx-source': [ '7.27.1' ],
222 silly audit   '@babel/traverse': [ '7.29.0' ],
222 silly audit   '@babel/template': [ '7.28.6' ],
222 silly audit   '@alloc/quick-lru': [ '5.2.0' ],
222 silly audit   '@babel/types': [ '7.29.0' ],
222 silly audit   '@jridgewell/remapping': [ '2.3.5' ],
222 silly audit   '@jridgewell/gen-mapping': [ '0.3.13' ],
222 silly audit   '@jridgewell/sourcemap-codec': [ '1.5.5' ],
222 silly audit   '@jridgewell/resolve-uri': [ '3.1.2' ],
222 silly audit   '@jridgewell/trace-mapping': [ '0.3.31' ],
222 silly audit   '@nodelib/fs.stat': [ '2.0.5' ],
222 silly audit   '@nodelib/fs.scandir': [ '2.1.5' ],
222 silly audit   '@nodelib/fs.walk': [ '1.2.8' ],
222 silly audit   '@rolldown/pluginutils': [ '1.0.0-beta.27' ],
222 silly audit   '@types/babel__core': [ '7.20.5' ],
222 silly audit   '@types/babel__generator': [ '7.27.0' ],
222 silly audit   '@vitejs/plugin-react': [ '4.7.0' ],
222 silly audit   '@types/babel__traverse': [ '7.28.0' ],
222 silly audit   '@types/babel__template': [ '7.4.4' ],
222 silly audit   vite: [ '4.5.14' ],
222 silly audit   fsevents: [ '2.3.3' ],
222 silly audit   esbuild: [ '0.18.20' ],
222 silly audit   rollup: [ '3.30.0' ],
222 silly audit   '@esbuild/android-arm': [ '0.18.20' ],
222 silly audit   '@esbuild/android-arm64': [ '0.18.20' ],
222 silly audit   '@esbuild/android-x64': [ '0.18.20' ],
222 silly audit   '@esbuild/darwin-arm64': [ '0.18.20' ],
222 silly audit   '@esbuild/darwin-x64': [ '0.18.20' ],
222 silly audit   '@esbuild/freebsd-arm64': [ '0.18.20' ],
222 silly audit   '@esbuild/freebsd-x64': [ '0.18.20' ],
222 silly audit   '@esbuild/linux-arm': [ '0.18.20' ],
222 silly audit   '@esbuild/linux-arm64': [ '0.18.20' ],
222 silly audit   '@esbuild/linux-ia32': [ '0.18.20' ],
222 silly audit   '@esbuild/linux-loong64': [ '0.18.20' ],
222 silly audit   '@esbuild/linux-mips64el': [ '0.18.20' ],
222 silly audit   '@esbuild/linux-ppc64': [ '0.18.20' ],
222 silly audit   '@esbuild/linux-riscv64': [ '0.18.20' ],
222 silly audit   '@esbuild/linux-s390x': [ '0.18.20' ],
222 silly audit   '@esbuild/linux-x64': [ '0.18.20' ],
222 silly audit   '@esbuild/netbsd-x64': [ '0.18.20' ],
222 silly audit   '@esbuild/openbsd-x64': [ '0.18.20' ],
222 silly audit   '@esbuild/sunos-x64': [ '0.18.20' ],
222 silly audit   '@esbuild/win32-arm64': [ '0.18.20' ],
222 silly audit   '@esbuild/win32-ia32': [ '0.18.20' ],
222 silly audit   '@esbuild/win32-x64': [ '0.18.20' ]
222 silly audit }
223 verbose reify failed optional dependency D:\Usuario\Documents\repos\Marca\neurion\node_modules\esbuild\node_modules\@esbuild\win32-ia32
224 silly reify mark deleted [
224 silly reify   'D:\\Usuario\\Documents\\repos\\Marca\\neurion\\node_modules\\esbuild\\node_modules\\@esbuild\\win32-ia32'
224 silly reify ]
225 verbose reify failed optional dependency D:\Usuario\Documents\repos\Marca\neurion\node_modules\esbuild\node_modules\@esbuild\win32-arm64
226 silly reify mark deleted [
226 silly reify   'D:\\Usuario\\Documents\\repos\\Marca\\neurion\\node_modules\\esbuild\\node_modules\\@esbuild\\win32-arm64'
226 silly reify ]
227 verbose reify failed optional dependency D:\Usuario\Documents\repos\Marca\neurion\node_modules\esbuild\node_modules\@esbuild\sunos-x64
228 silly reify mark deleted [
228 silly reify   'D:\\Usuario\\Documents\\repos\\Marca\\neurion\\node_modules\\esbuild\\node_modules\\@esbuild\\sunos-x64'
228 silly reify ]
229 verbose reify failed optional dependency D:\Usuario\Documents\repos\Marca\neurion\node_modules\esbuild\node_modules\@esbuild\openbsd-x64
230 silly reify mark deleted [
230 silly reify   'D:\\Usuario\\Documents\\repos\\Marca\\neurion\\node_modules\\esbuild\\node_modules\\@esbuild\\openbsd-x64'
230 silly reify ]
231 verbose reify failed optional dependency D:\Usuario\Documents\repos\Marca\neurion\node_modules\esbuild\node_modules\@esbuild\netbsd-x64
232 silly reify mark deleted [
232 silly reify   'D:\\Usuario\\Documents\\repos\\Marca\\neurion\\node_modules\\esbuild\\node_modules\\@esbuild\\netbsd-x64'
232 silly reify ]
233 verbose reify failed optional dependency D:\Usuario\Documents\repos\Marca\neurion\node_modules\esbuild\node_modules\@esbuild\linux-x64
234 silly reify mark deleted [
234 silly reify   'D:\\Usuario\\Documents\\repos\\Marca\\neurion\\node_modules\\esbuild\\node_modules\\@esbuild\\linux-x64'
234 silly reify ]
235 verbose reify failed optional dependency D:\Usuario\Documents\repos\Marca\neurion\node_modules\esbuild\node_modules\@esbuild\linux-s390x
236 silly reify mark deleted [
236 silly reify   'D:\\Usuario\\Documents\\repos\\Marca\\neurion\\node_modules\\esbuild\\node_modules\\@esbuild\\linux-s390x'
236 silly reify ]
237 verbose reify failed optional dependency D:\Usuario\Documents\repos\Marca\neurion\node_modules\esbuild\node_modules\@esbuild\linux-riscv64
238 silly reify mark deleted [
238 silly reify   'D:\\Usuario\\Documents\\repos\\Marca\\neurion\\node_modules\\esbuild\\node_modules\\@esbuild\\linux-riscv64'
238 silly reify ]
239 verbose reify failed optional dependency D:\Usuario\Documents\repos\Marca\neurion\node_modules\esbuild\node_modules\@esbuild\linux-ppc64
240 silly reify mark deleted [
240 silly reify   'D:\\Usuario\\Documents\\repos\\Marca\\neurion\\node_modules\\esbuild\\node_modules\\@esbuild\\linux-ppc64'
240 silly reify ]
241 verbose reify failed optional dependency D:\Usuario\Documents\repos\Marca\neurion\node_modules\esbuild\node_modules\@esbuild\linux-mips64el
242 silly reify mark deleted [
242 silly reify   'D:\\Usuario\\Documents\\repos\\Marca\\neurion\\node_modules\\esbuild\\node_modules\\@esbuild\\linux-mips64el'
242 silly reify ]
243 verbose reify failed optional dependency D:\Usuario\Documents\repos\Marca\neurion\node_modules\esbuild\node_modules\@esbuild\linux-loong64
244 silly reify mark deleted [
244 silly reify   'D:\\Usuario\\Documents\\repos\\Marca\\neurion\\node_modules\\esbuild\\node_modules\\@esbuild\\linux-loong64'
244 silly reify ]
245 verbose reify failed optional dependency D:\Usuario\Documents\repos\Marca\neurion\node_modules\esbuild\node_modules\@esbuild\linux-ia32
246 silly reify mark deleted [
246 silly reify   'D:\\Usuario\\Documents\\repos\\Marca\\neurion\\node_modules\\esbuild\\node_modules\\@esbuild\\linux-ia32'
246 silly reify ]
247 verbose reify failed optional dependency D:\Usuario\Documents\repos\Marca\neurion\node_modules\esbuild\node_modules\@esbuild\linux-arm64
248 silly reify mark deleted [
248 silly reify   'D:\\Usuario\\Documents\\repos\\Marca\\neurion\\node_modules\\esbuild\\node_modules\\@esbuild\\linux-arm64'
248 silly reify ]
249 verbose reify failed optional dependency D:\Usuario\Documents\repos\Marca\neurion\node_modules\esbuild\node_modules\@esbuild\linux-arm
250 silly reify mark deleted [
250 silly reify   'D:\\Usuario\\Documents\\repos\\Marca\\neurion\\node_modules\\esbuild\\node_modules\\@esbuild\\linux-arm'
250 silly reify ]
251 verbose reify failed optional dependency D:\Usuario\Documents\repos\Marca\neurion\node_modules\esbuild\node_modules\@esbuild\freebsd-x64
252 silly reify mark deleted [
252 silly reify   'D:\\Usuario\\Documents\\repos\\Marca\\neurion\\node_modules\\esbuild\\node_modules\\@esbuild\\freebsd-x64'
252 silly reify ]
253 verbose reify failed optional dependency D:\Usuario\Documents\repos\Marca\neurion\node_modules\esbuild\node_modules\@esbuild\freebsd-arm64
254 silly reify mark deleted [
254 silly reify   'D:\\Usuario\\Documents\\repos\\Marca\\neurion\\node_modules\\esbuild\\node_modules\\@esbuild\\freebsd-arm64'
254 silly reify ]
255 verbose reify failed optional dependency D:\Usuario\Documents\repos\Marca\neurion\node_modules\esbuild\node_modules\@esbuild\darwin-x64
256 silly reify mark deleted [
256 silly reify   'D:\\Usuario\\Documents\\repos\\Marca\\neurion\\node_modules\\esbuild\\node_modules\\@esbuild\\darwin-x64'
256 silly reify ]
257 verbose reify failed optional dependency D:\Usuario\Documents\repos\Marca\neurion\node_modules\esbuild\node_modules\@esbuild\darwin-arm64
258 silly reify mark deleted [
258 silly reify   'D:\\Usuario\\Documents\\repos\\Marca\\neurion\\node_modules\\esbuild\\node_modules\\@esbuild\\darwin-arm64'
258 silly reify ]
259 verbose reify failed optional dependency D:\Usuario\Documents\repos\Marca\neurion\node_modules\esbuild\node_modules\@esbuild\android-x64
260 silly reify mark deleted [
260 silly reify   'D:\\Usuario\\Documents\\repos\\Marca\\neurion\\node_modules\\esbuild\\node_modules\\@esbuild\\android-x64'
260 silly reify ]
261 verbose reify failed optional dependency D:\Usuario\Documents\repos\Marca\neurion\node_modules\esbuild\node_modules\@esbuild\android-arm64
262 silly reify mark deleted [
262 silly reify   'D:\\Usuario\\Documents\\repos\\Marca\\neurion\\node_modules\\esbuild\\node_modules\\@esbuild\\android-arm64'
262 silly reify ]
263 verbose reify failed optional dependency D:\Usuario\Documents\repos\Marca\neurion\node_modules\esbuild\node_modules\@esbuild\android-arm
264 silly reify mark deleted [
264 silly reify   'D:\\Usuario\\Documents\\repos\\Marca\\neurion\\node_modules\\esbuild\\node_modules\\@esbuild\\android-arm'
264 silly reify ]
265 verbose reify failed optional dependency D:\Usuario\Documents\repos\Marca\neurion\node_modules\fsevents
266 silly reify mark deleted [
266 silly reify   'D:\\Usuario\\Documents\\repos\\Marca\\neurion\\node_modules\\fsevents'
266 silly reify ]
267 timing reifyNode:node_modules/esbuild/node_modules/@esbuild/win32-ia32 Completed in 39ms
268 timing reifyNode:node_modules/esbuild/node_modules/@esbuild/win32-arm64 Completed in 39ms
269 timing reifyNode:node_modules/esbuild/node_modules/@esbuild/sunos-x64 Completed in 40ms
270 timing reifyNode:node_modules/esbuild/node_modules/@esbuild/openbsd-x64 Completed in 40ms
271 timing reifyNode:node_modules/esbuild/node_modules/@esbuild/netbsd-x64 Completed in 40ms
272 timing reifyNode:node_modules/esbuild/node_modules/@esbuild/linux-x64 Completed in 40ms
273 timing reifyNode:node_modules/esbuild/node_modules/@esbuild/linux-s390x Completed in 40ms
274 timing reifyNode:node_modules/esbuild/node_modules/@esbuild/linux-riscv64 Completed in 39ms
275 timing reifyNode:node_modules/esbuild/node_modules/@esbuild/linux-ppc64 Completed in 39ms
276 timing reifyNode:node_modules/esbuild/node_modules/@esbuild/linux-mips64el Completed in 39ms
277 timing reifyNode:node_modules/esbuild/node_modules/@esbuild/linux-loong64 Completed in 39ms
278 timing reifyNode:node_modules/esbuild/node_modules/@esbuild/linux-ia32 Completed in 39ms
279 timing reifyNode:node_modules/esbuild/node_modules/@esbuild/linux-arm64 Completed in 39ms
280 timing reifyNode:node_modules/esbuild/node_modules/@esbuild/linux-arm Completed in 39ms
281 timing reifyNode:node_modules/esbuild/node_modules/@esbuild/freebsd-x64 Completed in 39ms
282 timing reifyNode:node_modules/esbuild/node_modules/@esbuild/freebsd-arm64 Completed in 39ms
283 timing reifyNode:node_modules/esbuild/node_modules/@esbuild/darwin-x64 Completed in 39ms
284 timing reifyNode:node_modules/esbuild/node_modules/@esbuild/darwin-arm64 Completed in 39ms
285 timing reifyNode:node_modules/esbuild/node_modules/@esbuild/android-x64 Completed in 39ms
286 timing reifyNode:node_modules/esbuild/node_modules/@esbuild/android-arm64 Completed in 39ms
287 timing reifyNode:node_modules/esbuild/node_modules/@esbuild/android-arm Completed in 39ms
288 timing reifyNode:node_modules/fsevents Completed in 39ms
289 silly tarball no local data for @esbuild/win32-x64@https://registry.npmjs.org/@esbuild/win32-x64/-/win32-x64-0.18.20.tgz. Extracting by manifest.
290 silly tarball no local data for esbuild@https://registry.npmjs.org/esbuild/-/esbuild-0.18.20.tgz. Extracting by manifest.
291 silly tarball no local data for vite@https://registry.npmjs.org/vite/-/vite-4.5.14.tgz. Extracting by manifest.
292 silly tarball no local data for rollup@https://registry.npmjs.org/rollup/-/rollup-3.30.0.tgz. Extracting by manifest.
293 http fetch GET 200 https://registry.npmjs.org/esbuild/-/esbuild-0.18.20.tgz 145ms (cache miss)
294 timing reifyNode:node_modules/esbuild Completed in 193ms
295 http fetch GET 200 https://registry.npmjs.org/rollup/-/rollup-3.30.0.tgz 199ms (cache miss)
296 timing reifyNode:node_modules/rollup Completed in 252ms
297 http fetch GET 200 https://registry.npmjs.org/vite/-/vite-4.5.14.tgz 230ms (cache miss)
298 timing reifyNode:node_modules/vite Completed in 282ms
299 http fetch POST 200 https://registry.npmjs.org/-/npm/v1/security/advisories/bulk 335ms
300 timing auditReport:getReport Completed in 338ms
301 silly audit report {
301 silly audit report   vite: [
301 silly audit report     {
301 silly audit report       id: 1107323,
301 silly audit report       url: 'https://github.com/advisories/GHSA-g4jq-h2w9-997c',
301 silly audit report       title: 'Vite middleware may serve files starting with the same name with the public directory',
301 silly audit report       severity: 'low',
301 silly audit report       vulnerable_versions: '<=5.4.19',
301 silly audit report       cwe: [Array],
301 silly audit report       cvss: [Object]
301 silly audit report     },
301 silly audit report     {
301 silly audit report       id: 1107327,
301 silly audit report       url: 'https://github.com/advisories/GHSA-jqfw-vq24-v9c3',
301 silly audit report       title: "Vite's `server.fs` settings were not applied to HTML files",
301 silly audit report       severity: 'low',
301 silly audit report       vulnerable_versions: '<=5.4.19',
301 silly audit report       cwe: [Array],
301 silly audit report       cvss: [Object]
301 silly audit report     },
301 silly audit report     {
301 silly audit report       id: 1109132,
301 silly audit report       url: 'https://github.com/advisories/GHSA-93m4-6634-74q7',
301 silly audit report       title: 'vite allows server.fs.deny bypass via backslash on Windows',
301 silly audit report       severity: 'moderate',
301 silly audit report       vulnerable_versions: '>=4.5.3 <5.0.0',
301 silly audit report       cwe: [Array],
301 silly audit report       cvss: [Object]
301 silly audit report     },
301 silly audit report     {
301 silly audit report       id: 1116229,
301 silly audit report       url: 'https://github.com/advisories/GHSA-4w7w-66w2-5vf9',
301 silly audit report       title: 'Vite Vulnerable to Path Traversal in Optimized Deps `.map` Handling',
301 silly audit report       severity: 'moderate',
301 silly audit report       vulnerable_versions: '<=6.4.1',
301 silly audit report       cwe: [Array],
301 silly audit report       cvss: [Object]
301 silly audit report     }
301 silly audit report   ],
301 silly audit report   esbuild: [
301 silly audit report     {
301 silly audit report       id: 1102341,
301 silly audit report       url: 'https://github.com/advisories/GHSA-67mh-4wv8-2f99',
301 silly audit report       title: 'esbuild enables any website to send any requests to the development server and read the response',
301 silly audit report       severity: 'moderate',
301 silly audit report       vulnerable_versions: '<=0.24.2',
301 silly audit report       cwe: [Array],
301 silly audit report       cvss: [Object]
301 silly audit report     }
301 silly audit report   ]
301 silly audit report }
302 timing metavuln:packument:vite Completed in 0ms
303 timing metavuln:packument:esbuild Completed in 0ms
304 timing metavuln:cache:get:security-advisory:vite:BIa+WQeyfjFbqqhouMkkiWanlmeQ7hLwzpqC8i3MBFvop7fxVhllzYpT+cjwFpPmRA0dOYWZxzF2JOac8W8ZxA== Completed in 1ms
305 timing metavuln:load:security-advisory:vite:1107323 Completed in 17ms
306 timing metavuln:cache:get:security-advisory:vite:wG1S+hOib4I/cdnZgteC5P21cOGmXKg/0UvHmkoF2GbWibFCJIMmCZ80W7lVkhGcpilu/qTUSBKR4GAjudtyNA== Completed in 19ms
307 timing metavuln:load:security-advisory:vite:1107327 Completed in 10ms
308 timing metavuln:cache:get:security-advisory:vite:9M1Semzk/1axdsFi1D4xop8vBjGvUmYyhksdrq9ER1rlsiLyBq+a9Vyr1dynVuchEN93G27jmRkCR24u4rixxg== Completed in 30ms
309 timing metavuln:load:security-advisory:vite:1109132 Completed in 10ms
310 timing metavuln:cache:get:security-advisory:vite:I1BdsVrQ8+F0Nz5pjiEY7gYSFBzvKNwOR8nQyg9euOprN34SC4VipJH1GMc8WCRl+e0xZWGr2QiYwiNwqO4gag== Completed in 50ms
311 timing metavuln:load:security-advisory:vite:1116229 Completed in 4ms
312 timing metavuln:calculate:security-advisory:vite:1116229 Completed in 54ms
313 timing metavuln:cache:get:security-advisory:esbuild:jKdCIzePj7J1488qgRXvF8Srh9wutSuR1exB8YooNX62hT+qhtrUXYbArLNoIhgwbaCqKpmduh18syZU7BR9SA== Completed in 54ms
314 timing metavuln:load:security-advisory:esbuild:1102341 Completed in 2ms
315 timing metavuln:calculate:security-advisory:esbuild:1102341 Completed in 56ms
316 timing metavuln:cache:put:security-advisory:vite:wG1S+hOib4I/cdnZgteC5P21cOGmXKg/0UvHmkoF2GbWibFCJIMmCZ80W7lVkhGcpilu/qTUSBKR4GAjudtyNA== Completed in 29ms
317 timing metavuln:calculate:security-advisory:vite:1107327 Completed in 58ms
318 timing metavuln:cache:put:security-advisory:vite:BIa+WQeyfjFbqqhouMkkiWanlmeQ7hLwzpqC8i3MBFvop7fxVhllzYpT+cjwFpPmRA0dOYWZxzF2JOac8W8ZxA== Completed in 42ms
319 timing metavuln:calculate:security-advisory:vite:1107323 Completed in 61ms
320 timing metavuln:cache:put:security-advisory:vite:9M1Semzk/1axdsFi1D4xop8vBjGvUmYyhksdrq9ER1rlsiLyBq+a9Vyr1dynVuchEN93G27jmRkCR24u4rixxg== Completed in 21ms
321 timing metavuln:calculate:security-advisory:vite:1109132 Completed in 61ms
322 timing metavuln:cache:get:security-advisory:@vitejs/plugin-react:A24WWILOJ/5V6a3iIhPEJFO5k4eEG+ntfQTnr8MLNsmzy1ZWdGQt09sYUwyd81qevgGeSRqmL3Cs9oouA/L12w== Completed in 0ms
323 http fetch GET 200 https://registry.npmjs.org/@vitejs%2fplugin-react 6ms (cache hit)
324 timing metavuln:packument:@vitejs/plugin-react Completed in 7ms
325 timing metavuln:load:security-advisory:@vitejs/plugin-react:BIa+WQeyfjFbqqhouMkkiWanlmeQ7hLwzpqC8i3MBFvop7fxVhllzYpT+cjwFpPmRA0dOYWZxzF2JOac8W8ZxA== Completed in 37ms
326 timing metavuln:cache:put:security-advisory:@vitejs/plugin-react:A24WWILOJ/5V6a3iIhPEJFO5k4eEG+ntfQTnr8MLNsmzy1ZWdGQt09sYUwyd81qevgGeSRqmL3Cs9oouA/L12w== Completed in 10ms
327 timing metavuln:calculate:security-advisory:@vitejs/plugin-react:BIa+WQeyfjFbqqhouMkkiWanlmeQ7hLwzpqC8i3MBFvop7fxVhllzYpT+cjwFpPmRA0dOYWZxzF2JOac8W8ZxA== Completed in 55ms
328 timing metavuln:cache:get:security-advisory:vite:tMBsdAS7JBTyRORp0YaJR984WAAsOxgmReSLBN0Nd41GhzEakjROICqAJ31iOdYG5Ijo/MlJ01p3ig1iN88+Tw== Completed in 2ms
329 timing metavuln:load:security-advisory:vite:jKdCIzePj7J1488qgRXvF8Srh9wutSuR1exB8YooNX62hT+qhtrUXYbArLNoIhgwbaCqKpmduh18syZU7BR9SA== Completed in 4ms
330 timing metavuln:calculate:security-advisory:vite:jKdCIzePj7J1488qgRXvF8Srh9wutSuR1exB8YooNX62hT+qhtrUXYbArLNoIhgwbaCqKpmduh18syZU7BR9SA== Completed in 6ms
331 timing auditReport:init Completed in 135ms
332 timing reify:audit Completed in 474ms
333 http fetch GET 200 https://registry.npmjs.org/@esbuild/win32-x64/-/win32-x64-0.18.20.tgz 507ms (cache miss)
334 timing reifyNode:node_modules/@esbuild/win32-x64 Completed in 555ms
335 timing reify:unpack Completed in 555ms
336 timing reify:unretire Completed in 0ms
337 timing build:queue Completed in 1ms
338 timing build:link:node_modules/esbuild Completed in 5ms
339 timing build:link:node_modules/vite Completed in 5ms
340 timing build:link:node_modules/rollup Completed in 5ms
341 timing build:link Completed in 5ms
342 info run esbuild@0.18.20 postinstall node_modules/esbuild node install.js
343 info run esbuild@0.18.20 postinstall { code: 0, signal: null }
344 timing build:run:postinstall:node_modules/esbuild Completed in 717ms
345 timing build:run:postinstall Completed in 717ms
346 timing build:deps Completed in 724ms
347 timing build Completed in 724ms
348 timing reify:build Completed in 725ms
349 timing reify:trash Completed in 18ms
350 timing reify:save Completed in 20ms
351 timing reify Completed in 1820ms
352 silly REMOVE node_modules/@types/estree
353 silly REMOVE node_modules/@rollup/rollup-win32-x64-msvc
354 silly REMOVE node_modules/@rollup/rollup-win32-x64-gnu
355 silly CHANGE node_modules/@esbuild/win32-x64
356 silly CHANGE node_modules/vite
357 silly CHANGE node_modules/rollup
358 silly CHANGE node_modules/esbuild
359 silly ADD
360 silly ADD
361 silly ADD
362 silly ADD
363 silly ADD
364 silly ADD
365 silly ADD
366 silly ADD
367 silly ADD
368 silly ADD
369 silly ADD
370 silly ADD
371 silly ADD
372 silly ADD
373 silly ADD
374 silly ADD
375 silly ADD
376 silly ADD
377 silly ADD
378 silly ADD
379 silly ADD
380 silly REMOVE node_modules/@rollup/rollup-win32-ia32-msvc
381 silly REMOVE node_modules/@rollup/rollup-openbsd-x64
382 silly REMOVE node_modules/@rollup/rollup-win32-arm64-msvc
383 silly REMOVE node_modules/@rollup/rollup-openharmony-arm64
384 silly REMOVE node_modules/@rollup/rollup-linux-x64-musl
385 silly REMOVE node_modules/@rollup/rollup-linux-x64-gnu
386 silly REMOVE node_modules/@rollup/rollup-linux-s390x-gnu
387 silly REMOVE node_modules/@rollup/rollup-linux-riscv64-musl
388 silly REMOVE node_modules/@rollup/rollup-linux-riscv64-gnu
389 silly REMOVE node_modules/@rollup/rollup-linux-ppc64-musl
390 silly REMOVE node_modules/@rollup/rollup-linux-loong64-musl
391 silly REMOVE node_modules/@rollup/rollup-linux-ppc64-gnu
392 silly REMOVE node_modules/@rollup/rollup-linux-loong64-gnu
393 silly REMOVE node_modules/@rollup/rollup-linux-arm64-musl
394 silly REMOVE node_modules/@rollup/rollup-linux-arm64-gnu
395 silly REMOVE node_modules/@rollup/rollup-linux-arm-musleabihf
396 silly REMOVE node_modules/@rollup/rollup-linux-arm-gnueabihf
397 silly REMOVE node_modules/@rollup/rollup-freebsd-x64
398 silly REMOVE node_modules/@rollup/rollup-darwin-x64
399 silly REMOVE node_modules/@rollup/rollup-freebsd-arm64
400 silly REMOVE node_modules/@rollup/rollup-android-arm64
401 silly REMOVE node_modules/@rollup/rollup-darwin-arm64
402 silly REMOVE node_modules/@rollup/rollup-android-arm-eabi
403 silly REMOVE node_modules/@esbuild/win32-ia32
404 silly REMOVE node_modules/@esbuild/win32-arm64
405 silly REMOVE node_modules/@esbuild/sunos-x64
406 silly REMOVE node_modules/@esbuild/openbsd-x64
407 silly REMOVE node_modules/@esbuild/netbsd-x64
408 silly REMOVE node_modules/@esbuild/linux-x64
409 silly REMOVE node_modules/@esbuild/linux-s390x
410 silly REMOVE node_modules/@esbuild/linux-riscv64
411 silly REMOVE node_modules/@esbuild/linux-ppc64
412 silly REMOVE node_modules/@esbuild/linux-mips64el
413 silly REMOVE node_modules/@esbuild/linux-loong64
414 silly REMOVE node_modules/@esbuild/linux-ia32
415 silly REMOVE node_modules/@esbuild/linux-arm64
416 silly REMOVE node_modules/@esbuild/freebsd-x64
417 silly REMOVE node_modules/@esbuild/freebsd-arm64
418 silly REMOVE node_modules/@esbuild/linux-arm
419 silly REMOVE node_modules/@esbuild/android-x64
420 silly REMOVE node_modules/@esbuild/darwin-x64
421 silly REMOVE node_modules/@esbuild/darwin-arm64
422 silly REMOVE node_modules/@esbuild/android-arm64
423 silly REMOVE node_modules/@esbuild/android-arm
424 silly REMOVE node_modules/@esbuild/aix-ppc64
425 silly CHANGE node_modules/fsevents
426 timing command:install Completed in 1839ms
427 verbose exit 0
428 timing npm Completed in 1983ms
429 info ok
